The system is: Darwin - 18.2.0 - x86_64
Compiling the CXX compiler identification source file "CMakeCXXCompilerId.cpp" succeeded.
Compiler:  
Build flags: 
Id flags:  

The output was:
0
note: Using new build system
note: Planning build
note: Constructing build description
Build system information
warning: Traditional headermap style is no longer supported; please migrate to using separate headermaps and set 'ALWAYS_SEARCH_USER_PATHS' to NO. (in target 'CompilerIdCXX')

CreateBuildDirectory /Users/viraltaco/code/Exercism/cpp/prime-factors/build/CMakeFiles/3.13.2/CompilerIdCXX (in target: CompilerIdCXX)
    cd /Users/viraltaco/code/Exercism/cpp/prime-factors/build/CMakeFiles/3.13.2/CompilerIdCXX
    builtin-create-build-directory /Users/viraltaco/code/Exercism/cpp/prime-factors/build/CMakeFiles/3.13.2/CompilerIdCXX

WriteAuxiliaryFile /Users/viraltaco/code/Exercism/cpp/prime-factors/build/CMakeFiles/3.13.2/CompilerIdCXX/CompilerIdCXX.build/Debug/CompilerIdCXX.build/CompilerIdCXX-project-headers.hmap (in target: CompilerIdCXX)
    cd /Users/viraltaco/code/Exercism/cpp/prime-factors/build/CMakeFiles/3.13.2/CompilerIdCXX
    write-file /Users/viraltaco/code/Exercism/cpp/prime-factors/build/CMakeFiles/3.13.2/CompilerIdCXX/CompilerIdCXX.build/Debug/CompilerIdCXX.build/CompilerIdCXX-project-headers.hmap

WriteAuxiliaryFile /Users/viraltaco/code/Exercism/cpp/prime-factors/build/CMakeFiles/3.13.2/CompilerIdCXX/CompilerIdCXX.build/Debug/CompilerIdCXX.build/CompilerIdCXX-own-target-headers.hmap (in target: CompilerIdCXX)
    cd /Users/viraltaco/code/Exercism/cpp/prime-factors/build/CMakeFiles/3.13.2/CompilerIdCXX
    write-file /Users/viraltaco/code/Exercism/cpp/prime-factors/build/CMakeFiles/3.13.2/CompilerIdCXX/CompilerIdCXX.build/Debug/CompilerIdCXX.build/CompilerIdCXX-own-target-headers.hmap

WriteAuxiliaryFile /Users/viraltaco/code/Exercism/cpp/prime-factors/build/CMakeFiles/3.13.2/CompilerIdCXX/CompilerIdCXX.build/Debug/CompilerIdCXX.build/CompilerIdCXX.hmap (in target: CompilerIdCXX)
    cd /Users/viraltaco/code/Exercism/cpp/prime-factors/build/CMakeFiles/3.13.2/CompilerIdCXX
    write-file /Users/viraltaco/code/Exercism/cpp/prime-factors/build/CMakeFiles/3.13.2/CompilerIdCXX/CompilerIdCXX.build/Debug/CompilerIdCXX.build/CompilerIdCXX.hmap

WriteAuxiliaryFile /Users/viraltaco/code/Exercism/cpp/prime-factors/build/CMakeFiles/3.13.2/CompilerIdCXX/CompilerIdCXX.build/Debug/CompilerIdCXX.build/all-product-headers.yaml (in target: CompilerIdCXX)
    cd /Users/viraltaco/code/Exercism/cpp/prime-factors/build/CMakeFiles/3.13.2/CompilerIdCXX
    write-file /Users/viraltaco/code/Exercism/cpp/prime-factors/build/CMakeFiles/3.13.2/CompilerIdCXX/CompilerIdCXX.build/Debug/CompilerIdCXX.build/all-product-headers.yaml

WriteAuxiliaryFile /Users/viraltaco/code/Exercism/cpp/prime-factors/build/CMakeFiles/3.13.2/CompilerIdCXX/CompilerIdCXX.build/Debug/CompilerIdCXX.build/CompilerIdCXX-generated-files.hmap (in target: CompilerIdCXX)
    cd /Users/viraltaco/code/Exercism/cpp/prime-factors/build/CMakeFiles/3.13.2/CompilerIdCXX
    write-file /Users/viraltaco/code/Exercism/cpp/prime-factors/build/CMakeFiles/3.13.2/CompilerIdCXX/CompilerIdCXX.build/Debug/CompilerIdCXX.build/CompilerIdCXX-generated-files.hmap

WriteAuxiliaryFile /Users/viraltaco/code/Exercism/cpp/prime-factors/build/CMakeFiles/3.13.2/CompilerIdCXX/CompilerIdCXX.build/Debug/CompilerIdCXX.build/CompilerIdCXX-all-target-headers.hmap (in target: CompilerIdCXX)
    cd /Users/viraltaco/code/Exercism/cpp/prime-factors/build/CMakeFiles/3.13.2/CompilerIdCXX
    write-file /Users/viraltaco/code/Exercism/cpp/prime-factors/build/CMakeFiles/3.13.2/CompilerIdCXX/CompilerIdCXX.build/Debug/CompilerIdCXX.build/CompilerIdCXX-all-target-headers.hmap

WriteAuxiliaryFile /Users/viraltaco/code/Exercism/cpp/prime-factors/build/CMakeFiles/3.13.2/CompilerIdCXX/CompilerIdCXX.build/Debug/CompilerIdCXX.build/CompilerIdCXX-all-non-framework-target-headers.hmap (in target: CompilerIdCXX)
    cd /Users/viraltaco/code/Exercism/cpp/prime-factors/build/CMakeFiles/3.13.2/CompilerIdCXX
    write-file /Users/viraltaco/code/Exercism/cpp/prime-factors/build/CMakeFiles/3.13.2/CompilerIdCXX/CompilerIdCXX.build/Debug/CompilerIdCXX.build/CompilerIdCXX-all-non-framework-target-headers.hmap

CompileC /Users/viraltaco/code/Exercism/cpp/prime-factors/build/CMakeFiles/3.13.2/CompilerIdCXX/CompilerIdCXX.build/Debug/CompilerIdCXX.build/Objects-normal/x86_64/CMakeCXXCompilerId.o /Users/viraltaco/code/Exercism/cpp/prime-factors/build/CMakeFiles/3.13.2/CompilerIdCXX/CMakeCXXCompilerId.cpp normal x86_64 c++ com.apple.compilers.llvm.clang.1_0.compiler (in target: CompilerIdCXX)
    cd /Users/viraltaco/code/Exercism/cpp/prime-factors/build/CMakeFiles/3.13.2/CompilerIdCXX
    export LANG=en_US.US-ASCII
    /Applications/Xcode.app/Contents/Developer/Toolchains/XcodeDefault.xctoolchain/usr/bin/clang -x c++ -arch x86_64 -fmessage-length=0 -fdiagnostics-show-note-include-stack -fmacro-backtrace-limit=0 -Wno-trigraphs -fpascal-strings -Os -Wno-missing-field-initializers -Wno-missing-prototypes -Wno-return-type -Wno-non-virtual-dtor -Wno-overloaded-virtual -Wno-exit-time-destructors -Wno-missing-braces -Wparentheses -Wswitch -Wno-unused-function -Wno-unused-label -Wno-unused-parameter -Wno-unused-variable -Wunused-value -Wno-empty-body -Wno-uninitialized -Wno-unknown-pragmas -Wno-shadow -Wno-four-char-constants -Wno-conversion -Wno-constant-conversion -Wno-int-conversion -Wno-bool-conversion -Wno-enum-conversion -Wno-float-conversion -Wno-non-literal-null-conversion -Wno-objc-literal-conversion -Wno-shorten-64-to-32 -Wno-newline-eof -Wno-c++11-extensions -isysroot /Applications/Xcode.app/Contents/Developer/Platforms/MacOSX.platform/Developer/SDKs/MacOSX10.14.sdk -fasm-blocks -fstrict-aliasing -Wdeprecated-declarations -Winvalid-offsetof -mmacosx-version-min=10.14 -g -fvisibility=hidden -fvisibility-inlines-hidden -Wno-sign-conversion -Wno-infinite-recursion -Wno-move -Wno-comma -Wno-block-capture-autoreleasing -Wno-strict-prototypes -Wno-range-loop-analysis -Wno-semicolon-before-method-body -iquote /Users/viraltaco/code/Exercism/cpp/prime-factors/build/CMakeFiles/3.13.2/CompilerIdCXX/CompilerIdCXX.build/Debug/CompilerIdCXX.build/CompilerIdCXX-generated-files.hmap -I/Users/viraltaco/code/Exercism/cpp/prime-factors/build/CMakeFiles/3.13.2/CompilerIdCXX/CompilerIdCXX.build/Debug/CompilerIdCXX.build/CompilerIdCXX-own-target-headers.hmap -I/Users/viraltaco/code/Exercism/cpp/prime-factors/build/CMakeFiles/3.13.2/CompilerIdCXX/CompilerIdCXX.build/Debug/CompilerIdCXX.build/CompilerIdCXX-all-target-headers.hmap -iquote /Users/viraltaco/code/Exercism/cpp/prime-factors/build/CMakeFiles/3.13.2/CompilerIdCXX/CompilerIdCXX.build/Debug/CompilerIdCXX.build/CompilerIdCXX-project-headers.hmap -I/Users/viraltaco/code/Exercism/cpp/prime-factors/build/CMakeFiles/3.13.2/CompilerIdCXX/include -I/Users/viraltaco/code/Exercism/cpp/prime-factors/build/CMakeFiles/3.13.2/CompilerIdCXX/CompilerIdCXX.build/Debug/CompilerIdCXX.build/DerivedSources/x86_64 -I/Users/viraltaco/code/Exercism/cpp/prime-factors/build/CMakeFiles/3.13.2/CompilerIdCXX/CompilerIdCXX.build/Debug/CompilerIdCXX.build/DerivedSources -F/Users/viraltaco/code/Exercism/cpp/prime-factors/build/CMakeFiles/3.13.2/CompilerIdCXX -MMD -MT dependencies -MF /Users/viraltaco/code/Exercism/cpp/prime-factors/build/CMakeFiles/3.13.2/CompilerIdCXX/CompilerIdCXX.build/Debug/CompilerIdCXX.build/Objects-normal/x86_64/CMakeCXXCompilerId.d --serialize-diagnostics /Users/viraltaco/code/Exercism/cpp/prime-factors/build/CMakeFiles/3.13.2/CompilerIdCXX/CompilerIdCXX.build/Debug/CompilerIdCXX.build/Objects-normal/x86_64/CMakeCXXCompilerId.dia -c /Users/viraltaco/code/Exercism/cpp/prime-factors/build/CMakeFiles/3.13.2/CompilerIdCXX/CMakeCXXCompilerId.cpp -o /Users/viraltaco/code/Exercism/cpp/prime-factors/build/CMakeFiles/3.13.2/CompilerIdCXX/CompilerIdCXX.build/Debug/CompilerIdCXX.build/Objects-normal/x86_64/CMakeCXXCompilerId.o
2019-02-11 01:31:05.397 xcodebuild[60823:28701668]  DTDeviceKit: Failed to mount DDI from '<DVTFilePath:0x7fb586970380:'/Applications/Xcode.app/Contents/Developer/Platforms/iPhoneOS.platform/DeviceSupport/12.0/DeveloperDiskImage.dmg'>', error=-402652958: Error Domain=com.apple.dtdevicekit Code=-402652958 "Development cannot be enabled while your device is locked." UserInfo={NSLocalizedDescription=Development cannot be enabled while your device is locked., com.apple.dtdevicekit.stacktrace=(
	0   DTDeviceKitBase                     0x0000000118cdec61 DTDKCreateNSError + 113
	1   DTDeviceKitBase                     0x0000000118cdf4a9 DTDK_AMDErrorToNSError + 1139
	2   DTDeviceKitBase                     0x0000000118d1f723 -[DTDKMobileDeviceToken mountDeveloperDiskImage:withError:] + 778
	3   DTDeviceKitBase                     0x0000000118d200a9 -[DTDKMobileDeviceToken mountDeveloperDiskImageWithError:] + 467
	4   IDEiOSSupportCore                   0x0000000118bf267f __37-[DVTiOSDevice(Connect) hasConnected]_block_invoke_2 + 265
	5   DVTFoundation                       0x000000010c4b91a7 __DVTDispatchGroupAsync_block_invoke + 801
	6   libdispatch.dylib                   0x00007fff6405dd53 _dispatch_call_block_and_release + 12
	7   libdispatch.dylib                   0x00007fff6405edcf _dispatch_client_callout + 8
	8   libdispatch.dylib                   0x00007fff64061654 _dispatch_continuation_pop + 547
	9   libdispatch.dylib                   0x00007fff64060c7e _dispatch_async_redirect_invoke + 718
	10  libdispatch.dylib                   0x00007fff6406cd26 _dispatch_root_queue_drain + 325
	11  libdispatch.dylib                   0x00007fff6406d4bd _dispatch_worker_thread2 + 90
	12  libsystem_pthread.dylib             0x00007fff6429f6dd _pthread_wqthread + 619
	13  libsystem_pthread.dylib             0x00007fff6429f405 start_wqthread + 13
), NSLocalizedRecoverySuggestion=Please unlock your device and reattach. (0xE80000E2)., NSLocalizedFailureReason=Please unlock your device and reattach. (0xE80000E2).}
2019-02-11 01:31:05.398 xcodebuild[60823:28701668]  iPhoneConnect: 📱<DVTiOSDevice (0x7fb58678a0e0), ViralTaco's phone, iPhone, 12.0 (16A366), 2d971b26d16c2d763e3fbb23b1e7ef396e3deaa9> unable to mount developer disk image, (Error Domain=com.apple.dtdevicekit Code=-402652958 "Development cannot be enabled while your device is locked." UserInfo={NSLocalizedDescription=Development cannot be enabled while your device is locked., com.apple.dtdevicekit.stacktrace=(
	0   DTDeviceKitBase                     0x0000000118cdec61 DTDKCreateNSError + 113
	1   DTDeviceKitBase                     0x0000000118cdf4a9 DTDK_AMDErrorToNSError + 1139
	2   DTDeviceKitBase                     0x0000000118d1f723 -[DTDKMobileDeviceToken mountDeveloperDiskImage:withError:] + 778
	3   DTDeviceKitBase                     0x0000000118d200a9 -[DTDKMobileDeviceToken mountDeveloperDiskImageWithError:] + 467
	4   IDEiOSSupportCore                   0x0000000118bf267f __37-[DVTiOSDevice(Connect) hasConnected]_block_invoke_2 + 265
	5   DVTFoundation                       0x000000010c4b91a7 __DVTDispatchGroupAsync_block_invoke + 801
	6   libdispatch.dylib                   0x00007fff6405dd53 _dispatch_call_block_and_release + 12
	7   libdispatch.dylib                   0x00007fff6405edcf _dispatch_client_callout + 8
	8   libdispatch.dylib                   0x00007fff64061654 _dispatch_continuation_pop + 547
	9   libdispatch.dylib                   0x00007fff64060c7e _dispatch_async_redirect_invoke + 718
	10  libdispatch.dylib                   0x00007fff6406cd26 _dispatch_root_queue_drain + 325
	11  libdispatch.dylib                   0x00007fff6406d4bd _dispatch_worker_thread2 + 90
	12  libsystem_pthread.dylib             0x00007fff6429f6dd _pthread_wqthread + 619
	13  libsystem_pthread.dylib             0x00007fff6429f405 start_wqthread + 13
), NSLocalizedRecoverySuggestion=Please unlock your device and reattach. (0xE80000E2)., NSLocalizedFailureReason=Please unlock your device and reattach. (0xE80000E2).}) {
    NSLocalizedDescription = "Development cannot be enabled while your device is locked.";
    NSLocalizedFailureReason = "Please unlock your device and reattach. (0xE80000E2).";
    NSLocalizedRecoverySuggestion = "Please unlock your device and reattach. (0xE80000E2).";
    "com.apple.dtdevicekit.stacktrace" = (
	0   DTDeviceKitBase                     0x0000000118cdec61 DTDKCreateNSError + 113
	1   DTDeviceKitBase                     0x0000000118cdf4a9 DTDK_AMDErrorToNSError + 1139
	2   DTDeviceKitBase                     0x0000000118d1f723 -[DTDKMobileDeviceToken mountDeveloperDiskImage:withError:] + 778
	3   DTDeviceKitBase                     0x0000000118d200a9 -[DTDKMobileDeviceToken mountDeveloperDiskImageWithError:] + 467
	4   IDEiOSSupportCore                   0x0000000118bf267f __37-[DVTiOSDevice(Connect) hasConnected]_block_invoke_2 + 265
	5   DVTFoundation                       0x000000010c4b91a7 __DVTDispatchGroupAsync_block_invoke + 801
	6   libdispatch.dylib                   0x00007fff6405dd53 _dispatch_call_block_and_release + 12
	7   libdispatch.dylib                   0x00007fff6405edcf _dispatch_client_callout + 8
	8   libdispatch.dylib                   0x00007fff64061654 _dispatch_continuation_pop + 547
	9   libdispatch.dylib                   0x00007fff64060c7e _dispatch_async_redirect_invoke + 718
	10  libdispatch.dylib                   0x00007fff6406cd26 _dispatch_root_queue_drain + 325
	11  libdispatch.dylib                   0x00007fff6406d4bd _dispatch_worker_thread2 + 90
	12  libsystem_pthread.dylib             0x00007fff6429f6dd _pthread_wqthread + 619
	13  libsystem_pthread.dylib             0x00007fff6429f405 start_wqthread + 13
);
}

WriteAuxiliaryFile /Users/viraltaco/code/Exercism/cpp/prime-factors/build/CMakeFiles/3.13.2/CompilerIdCXX/CompilerIdCXX.build/Debug/CompilerIdCXX.build/Objects-normal/x86_64/CompilerIdCXX.LinkFileList (in target: CompilerIdCXX)
    cd /Users/viraltaco/code/Exercism/cpp/prime-factors/build/CMakeFiles/3.13.2/CompilerIdCXX
    write-file /Users/viraltaco/code/Exercism/cpp/prime-factors/build/CMakeFiles/3.13.2/CompilerIdCXX/CompilerIdCXX.build/Debug/CompilerIdCXX.build/Objects-normal/x86_64/CompilerIdCXX.LinkFileList

Ld /Users/viraltaco/code/Exercism/cpp/prime-factors/build/CMakeFiles/3.13.2/CompilerIdCXX/CompilerIdCXX normal x86_64 (in target: CompilerIdCXX)
    cd /Users/viraltaco/code/Exercism/cpp/prime-factors/build/CMakeFiles/3.13.2/CompilerIdCXX
    export MACOSX_DEPLOYMENT_TARGET=10.14
    /Applications/Xcode.app/Contents/Developer/Toolchains/XcodeDefault.xctoolchain/usr/bin/clang++ -arch x86_64 -isysroot /Applications/Xcode.app/Contents/Developer/Platforms/MacOSX.platform/Developer/SDKs/MacOSX10.14.sdk -L/Users/viraltaco/code/Exercism/cpp/prime-factors/build/CMakeFiles/3.13.2/CompilerIdCXX -F/Users/viraltaco/code/Exercism/cpp/prime-factors/build/CMakeFiles/3.13.2/CompilerIdCXX -filelist /Users/viraltaco/code/Exercism/cpp/prime-factors/build/CMakeFiles/3.13.2/CompilerIdCXX/CompilerIdCXX.build/Debug/CompilerIdCXX.build/Objects-normal/x86_64/CompilerIdCXX.LinkFileList -mmacosx-version-min=10.14 -Xlinker -object_path_lto -Xlinker /Users/viraltaco/code/Exercism/cpp/prime-factors/build/CMakeFiles/3.13.2/CompilerIdCXX/CompilerIdCXX.build/Debug/CompilerIdCXX.build/Objects-normal/x86_64/CompilerIdCXX_lto.o -Xlinker -dependency_info -Xlinker /Users/viraltaco/code/Exercism/cpp/prime-factors/build/CMakeFiles/3.13.2/CompilerIdCXX/CompilerIdCXX.build/Debug/CompilerIdCXX.build/Objects-normal/x86_64/CompilerIdCXX_dependency_info.dat -o /Users/viraltaco/code/Exercism/cpp/prime-factors/build/CMakeFiles/3.13.2/CompilerIdCXX/CompilerIdCXX

WriteAuxiliaryFile /Users/viraltaco/code/Exercism/cpp/prime-factors/build/CMakeFiles/3.13.2/CompilerIdCXX/CompilerIdCXX.build/Debug/CompilerIdCXX.build/Script-2C8FEB8E15DC1A1A00E56A5D.sh (in target: CompilerIdCXX)
    cd /Users/viraltaco/code/Exercism/cpp/prime-factors/build/CMakeFiles/3.13.2/CompilerIdCXX
    write-file /Users/viraltaco/code/Exercism/cpp/prime-factors/build/CMakeFiles/3.13.2/CompilerIdCXX/CompilerIdCXX.build/Debug/CompilerIdCXX.build/Script-2C8FEB8E15DC1A1A00E56A5D.sh

PhaseScriptExecution Run\ Script /Users/viraltaco/code/Exercism/cpp/prime-factors/build/CMakeFiles/3.13.2/CompilerIdCXX/CompilerIdCXX.build/Debug/CompilerIdCXX.build/Script-2C8FEB8E15DC1A1A00E56A5D.sh (in target: CompilerIdCXX)
    cd /Users/viraltaco/code/Exercism/cpp/prime-factors/build/CMakeFiles/3.13.2/CompilerIdCXX
    /bin/sh -c /Users/viraltaco/code/Exercism/cpp/prime-factors/build/CMakeFiles/3.13.2/CompilerIdCXX/CompilerIdCXX.build/Debug/CompilerIdCXX.build/Script-2C8FEB8E15DC1A1A00E56A5D.sh
GCC_VERSION=com.apple.compilers.llvm.clang.1_0
ARCHS=x86_64

** BUILD SUCCEEDED **



Compilation of the CXX compiler identification source "CMakeCXXCompilerId.cpp" produced "CompilerIdCXX"

The CXX compiler identification is AppleClang, found in "/Users/viraltaco/code/Exercism/cpp/prime-factors/build/CMakeFiles/3.13.2/CompilerIdCXX/CompilerIdCXX"

Determining if the CXX compiler works passed with the following output:
Change Dir: /Users/viraltaco/code/Exercism/cpp/prime-factors/build/CMakeFiles/CMakeTmp

Run Build Command:"/usr/bin/xcodebuild" "-project" "CMAKE_TRY_COMPILE.xcodeproj" "build" "-target" "cmTC_1d2c2" "-configuration" "Debug"
Prepare build
note: Using legacy build system

=== BUILD TARGET cmTC_1d2c2 OF PROJECT CMAKE_TRY_COMPILE WITH CONFIGURATION Debug ===

Check dependencies

Write auxiliary files
/bin/mkdir -p /Users/viraltaco/code/Exercism/cpp/prime-factors/build/CMakeFiles/CMakeTmp/CMAKE_TRY_COMPILE.build/Debug/cmTC_1d2c2.build/Objects-normal/x86_64
write-file /Users/viraltaco/code/Exercism/cpp/prime-factors/build/CMakeFiles/CMakeTmp/CMAKE_TRY_COMPILE.build/Debug/cmTC_1d2c2.build/Objects-normal/x86_64/cmTC_1d2c2.LinkFileList

CompileC CMAKE_TRY_COMPILE.build/Debug/cmTC_1d2c2.build/Objects-normal/x86_64/testCXXCompiler.o testCXXCompiler.cxx normal x86_64 c++ com.apple.compilers.llvm.clang.1_0.compiler
    cd /Users/viraltaco/code/Exercism/cpp/prime-factors/build/CMakeFiles/CMakeTmp
    export LANG=en_US.US-ASCII
    /Applications/Xcode.app/Contents/Developer/Toolchains/XcodeDefault.xctoolchain/usr/bin/clang -x c++ -arch x86_64 -fmessage-length=0 -fdiagnostics-show-note-include-stack -fmacro-backtrace-limit=0 -Wno-trigraphs -fpascal-strings -O0 -Wno-missing-field-initializers -Wno-missing-prototypes -Wno-return-type -Wno-non-virtual-dtor -Wno-overloaded-virtual -Wno-exit-time-destructors -Wno-missing-braces -Wparentheses -Wswitch -Wno-unused-function -Wno-unused-label -Wno-unused-parameter -Wno-unused-variable -Wunused-value -Wno-empty-body -Wno-uninitialized -Wno-unknown-pragmas -Wno-shadow -Wno-four-char-constants -Wno-conversion -Wno-constant-conversion -Wno-int-conversion -Wno-bool-conversion -Wno-enum-conversion -Wno-float-conversion -Wno-non-literal-null-conversion -Wno-objc-literal-conversion -Wno-shorten-64-to-32 -Wno-newline-eof -Wno-c++11-extensions -DCMAKE_INTDIR=\"Debug\" -isysroot /Applications/Xcode.app/Contents/Developer/Platforms/MacOSX.platform/Developer/SDKs/MacOSX10.14.sdk -fasm-blocks -fstrict-aliasing -Wdeprecated-declarations -Winvalid-offsetof -mmacosx-version-min=10.14 -g -Wno-sign-conversion -Wno-infinite-recursion -Wno-move -Wno-comma -Wno-block-capture-autoreleasing -Wno-strict-prototypes -Wno-range-loop-analysis -Wno-semicolon-before-method-body -I/Users/viraltaco/code/Exercism/cpp/prime-factors/build/CMakeFiles/CMakeTmp/Debug/include -I/Users/viraltaco/code/Exercism/cpp/prime-factors/build/CMakeFiles/CMakeTmp/CMAKE_TRY_COMPILE.build/Debug/cmTC_1d2c2.build/DerivedSources/x86_64 -I/Users/viraltaco/code/Exercism/cpp/prime-factors/build/CMakeFiles/CMakeTmp/CMAKE_TRY_COMPILE.build/Debug/cmTC_1d2c2.build/DerivedSources -Wmost -Wno-four-char-constants -Wno-unknown-pragmas -F/Users/viraltaco/code/Exercism/cpp/prime-factors/build/CMakeFiles/CMakeTmp/Debug -MMD -MT dependencies -MF /Users/viraltaco/code/Exercism/cpp/prime-factors/build/CMakeFiles/CMakeTmp/CMAKE_TRY_COMPILE.build/Debug/cmTC_1d2c2.build/Objects-normal/x86_64/testCXXCompiler.d --serialize-diagnostics /Users/viraltaco/code/Exercism/cpp/prime-factors/build/CMakeFiles/CMakeTmp/CMAKE_TRY_COMPILE.build/Debug/cmTC_1d2c2.build/Objects-normal/x86_64/testCXXCompiler.dia -c /Users/viraltaco/code/Exercism/cpp/prime-factors/build/CMakeFiles/CMakeTmp/testCXXCompiler.cxx -o /Users/viraltaco/code/Exercism/cpp/prime-factors/build/CMakeFiles/CMakeTmp/CMAKE_TRY_COMPILE.build/Debug/cmTC_1d2c2.build/Objects-normal/x86_64/testCXXCompiler.o

Ld Debug/cmTC_1d2c2 normal x86_64
    cd /Users/viraltaco/code/Exercism/cpp/prime-factors/build/CMakeFiles/CMakeTmp
    export MACOSX_DEPLOYMENT_TARGET=10.14
    /Applications/Xcode.app/Contents/Developer/Toolchains/XcodeDefault.xctoolchain/usr/bin/clang++ -arch x86_64 -isysroot /Applications/Xcode.app/Contents/Developer/Platforms/MacOSX.platform/Developer/SDKs/MacOSX10.14.sdk -L/Users/viraltaco/code/Exercism/cpp/prime-factors/build/CMakeFiles/CMakeTmp/Debug -F/Users/viraltaco/code/Exercism/cpp/prime-factors/build/CMakeFiles/CMakeTmp/Debug -filelist /Users/viraltaco/code/Exercism/cpp/prime-factors/build/CMakeFiles/CMakeTmp/CMAKE_TRY_COMPILE.build/Debug/cmTC_1d2c2.build/Objects-normal/x86_64/cmTC_1d2c2.LinkFileList -mmacosx-version-min=10.14 -Xlinker -object_path_lto -Xlinker /Users/viraltaco/code/Exercism/cpp/prime-factors/build/CMakeFiles/CMakeTmp/CMAKE_TRY_COMPILE.build/Debug/cmTC_1d2c2.build/Objects-normal/x86_64/cmTC_1d2c2_lto.o -Xlinker -no_deduplicate -L/usr/local/opt/ncurses/lib -Wl,-search_paths_first -Wl,-headerpad_max_install_names -Xlinker -dependency_info -Xlinker /Users/viraltaco/code/Exercism/cpp/prime-factors/build/CMakeFiles/CMakeTmp/CMAKE_TRY_COMPILE.build/Debug/cmTC_1d2c2.build/Objects-normal/x86_64/cmTC_1d2c2_dependency_info.dat -o /Users/viraltaco/code/Exercism/cpp/prime-factors/build/CMakeFiles/CMakeTmp/Debug/cmTC_1d2c2

** BUILD SUCCEEDED **



Detecting CXX compiler ABI info compiled with the following output:
Change Dir: /Users/viraltaco/code/Exercism/cpp/prime-factors/build/CMakeFiles/CMakeTmp

Run Build Command:"/usr/bin/xcodebuild" "-project" "CMAKE_TRY_COMPILE.xcodeproj" "build" "-target" "cmTC_b22c8" "-configuration" "Debug"
Prepare build
note: Using legacy build system

=== BUILD TARGET cmTC_b22c8 OF PROJECT CMAKE_TRY_COMPILE WITH CONFIGURATION Debug ===

Check dependencies

Write auxiliary files
/bin/mkdir -p /Users/viraltaco/code/Exercism/cpp/prime-factors/build/CMakeFiles/CMakeTmp/CMAKE_TRY_COMPILE.build/Debug/cmTC_b22c8.build/Objects-normal/x86_64
write-file /Users/viraltaco/code/Exercism/cpp/prime-factors/build/CMakeFiles/CMakeTmp/CMAKE_TRY_COMPILE.build/Debug/cmTC_b22c8.build/Objects-normal/x86_64/cmTC_b22c8.LinkFileList

CompileC CMAKE_TRY_COMPILE.build/Debug/cmTC_b22c8.build/Objects-normal/x86_64/CMakeCXXCompilerABI.o /usr/local/Cellar/cmake/3.13.2/share/cmake/Modules/CMakeCXXCompilerABI.cpp normal x86_64 c++ com.apple.compilers.llvm.clang.1_0.compiler
    cd /Users/viraltaco/code/Exercism/cpp/prime-factors/build/CMakeFiles/CMakeTmp
    export LANG=en_US.US-ASCII
    /Applications/Xcode.app/Contents/Developer/Toolchains/XcodeDefault.xctoolchain/usr/bin/clang -x c++ -arch x86_64 -fmessage-length=0 -fdiagnostics-show-note-include-stack -fmacro-backtrace-limit=0 -Wno-trigraphs -fpascal-strings -O0 -Wno-missing-field-initializers -Wno-missing-prototypes -Wno-return-type -Wno-non-virtual-dtor -Wno-overloaded-virtual -Wno-exit-time-destructors -Wno-missing-braces -Wparentheses -Wswitch -Wno-unused-function -Wno-unused-label -Wno-unused-parameter -Wno-unused-variable -Wunused-value -Wno-empty-body -Wno-uninitialized -Wno-unknown-pragmas -Wno-shadow -Wno-four-char-constants -Wno-conversion -Wno-constant-conversion -Wno-int-conversion -Wno-bool-conversion -Wno-enum-conversion -Wno-float-conversion -Wno-non-literal-null-conversion -Wno-objc-literal-conversion -Wno-shorten-64-to-32 -Wno-newline-eof -Wno-c++11-extensions -DCMAKE_INTDIR=\"Debug\" -isysroot /Applications/Xcode.app/Contents/Developer/Platforms/MacOSX.platform/Developer/SDKs/MacOSX10.14.sdk -fasm-blocks -fstrict-aliasing -Wdeprecated-declarations -Winvalid-offsetof -mmacosx-version-min=10.14 -g -Wno-sign-conversion -Wno-infinite-recursion -Wno-move -Wno-comma -Wno-block-capture-autoreleasing -Wno-strict-prototypes -Wno-range-loop-analysis -Wno-semicolon-before-method-body -I/Users/viraltaco/code/Exercism/cpp/prime-factors/build/CMakeFiles/CMakeTmp/Debug/include -I/Users/viraltaco/code/Exercism/cpp/prime-factors/build/CMakeFiles/CMakeTmp/CMAKE_TRY_COMPILE.build/Debug/cmTC_b22c8.build/DerivedSources/x86_64 -I/Users/viraltaco/code/Exercism/cpp/prime-factors/build/CMakeFiles/CMakeTmp/CMAKE_TRY_COMPILE.build/Debug/cmTC_b22c8.build/DerivedSources -Wmost -Wno-four-char-constants -Wno-unknown-pragmas -F/Users/viraltaco/code/Exercism/cpp/prime-factors/build/CMakeFiles/CMakeTmp/Debug -MMD -MT dependencies -MF /Users/viraltaco/code/Exercism/cpp/prime-factors/build/CMakeFiles/CMakeTmp/CMAKE_TRY_COMPILE.build/Debug/cmTC_b22c8.build/Objects-normal/x86_64/CMakeCXXCompilerABI.d --serialize-diagnostics /Users/viraltaco/code/Exercism/cpp/prime-factors/build/CMakeFiles/CMakeTmp/CMAKE_TRY_COMPILE.build/Debug/cmTC_b22c8.build/Objects-normal/x86_64/CMakeCXXCompilerABI.dia -c /usr/local/Cellar/cmake/3.13.2/share/cmake/Modules/CMakeCXXCompilerABI.cpp -o /Users/viraltaco/code/Exercism/cpp/prime-factors/build/CMakeFiles/CMakeTmp/CMAKE_TRY_COMPILE.build/Debug/cmTC_b22c8.build/Objects-normal/x86_64/CMakeCXXCompilerABI.o

Ld Debug/cmTC_b22c8 normal x86_64
    cd /Users/viraltaco/code/Exercism/cpp/prime-factors/build/CMakeFiles/CMakeTmp
    export MACOSX_DEPLOYMENT_TARGET=10.14
    /Applications/Xcode.app/Contents/Developer/Toolchains/XcodeDefault.xctoolchain/usr/bin/clang++ -arch x86_64 -isysroot /Applications/Xcode.app/Contents/Developer/Platforms/MacOSX.platform/Developer/SDKs/MacOSX10.14.sdk -L/Users/viraltaco/code/Exercism/cpp/prime-factors/build/CMakeFiles/CMakeTmp/Debug -F/Users/viraltaco/code/Exercism/cpp/prime-factors/build/CMakeFiles/CMakeTmp/Debug -filelist /Users/viraltaco/code/Exercism/cpp/prime-factors/build/CMakeFiles/CMakeTmp/CMAKE_TRY_COMPILE.build/Debug/cmTC_b22c8.build/Objects-normal/x86_64/cmTC_b22c8.LinkFileList -mmacosx-version-min=10.14 -Xlinker -object_path_lto -Xlinker /Users/viraltaco/code/Exercism/cpp/prime-factors/build/CMakeFiles/CMakeTmp/CMAKE_TRY_COMPILE.build/Debug/cmTC_b22c8.build/Objects-normal/x86_64/cmTC_b22c8_lto.o -Xlinker -no_deduplicate -L/usr/local/opt/ncurses/lib -v -Wl,-v -Wl,-search_paths_first -Wl,-headerpad_max_install_names -Xlinker -dependency_info -Xlinker /Users/viraltaco/code/Exercism/cpp/prime-factors/build/CMakeFiles/CMakeTmp/CMAKE_TRY_COMPILE.build/Debug/cmTC_b22c8.build/Objects-normal/x86_64/cmTC_b22c8_dependency_info.dat -o /Users/viraltaco/code/Exercism/cpp/prime-factors/build/CMakeFiles/CMakeTmp/Debug/cmTC_b22c8
Apple LLVM version 10.0.0 (clang-1000.11.45.5)
Target: x86_64-apple-darwin18.2.0
Thread model: posix
InstalledDir: /Applications/Xcode.app/Contents/Developer/Toolchains/XcodeDefault.xctoolchain/usr/bin
 "/Applications/Xcode.app/Contents/Developer/Toolchains/XcodeDefault.xctoolchain/usr/bin/ld" -demangle -lto_library /Applications/Xcode.app/Contents/Developer/Toolchains/XcodeDefault.xctoolchain/usr/lib/libLTO.dylib -dynamic -arch x86_64 -macosx_version_min 10.14.0 -syslibroot /Applications/Xcode.app/Contents/Developer/Platforms/MacOSX.platform/Developer/SDKs/MacOSX10.14.sdk -o /Users/viraltaco/code/Exercism/cpp/prime-factors/build/CMakeFiles/CMakeTmp/Debug/cmTC_b22c8 -L/Users/viraltaco/code/Exercism/cpp/prime-factors/build/CMakeFiles/CMakeTmp/Debug -L/usr/local/opt/ncurses/lib -filelist /Users/viraltaco/code/Exercism/cpp/prime-factors/build/CMakeFiles/CMakeTmp/CMAKE_TRY_COMPILE.build/Debug/cmTC_b22c8.build/Objects-normal/x86_64/cmTC_b22c8.LinkFileList -object_path_lto /Users/viraltaco/code/Exercism/cpp/prime-factors/build/CMakeFiles/CMakeTmp/CMAKE_TRY_COMPILE.build/Debug/cmTC_b22c8.build/Objects-normal/x86_64/cmTC_b22c8_lto.o -no_deduplicate -v -search_paths_first -headerpad_max_install_names -dependency_info /Users/viraltaco/code/Exercism/cpp/prime-factors/build/CMakeFiles/CMakeTmp/CMAKE_TRY_COMPILE.build/Debug/cmTC_b22c8.build/Objects-normal/x86_64/cmTC_b22c8_dependency_info.dat -lc++ -lSystem /Applications/Xcode.app/Contents/Developer/Toolchains/XcodeDefault.xctoolchain/usr/lib/clang/10.0.0/lib/darwin/libclang_rt.osx.a -F/Users/viraltaco/code/Exercism/cpp/prime-factors/build/CMakeFiles/CMakeTmp/Debug
@(#)PROGRAM:ld  PROJECT:ld64-409.12
BUILD 17:47:51 Sep 25 2018
configured to support archs: armv6 armv7 armv7s arm64 i386 x86_64 x86_64h armv6m armv7k armv7m armv7em arm64e arm64_32
Library search paths:
	/Users/viraltaco/code/Exercism/cpp/prime-factors/build/CMakeFiles/CMakeTmp/Debug
	/usr/local/opt/ncurses/lib
	/Applications/Xcode.app/Contents/Developer/Platforms/MacOSX.platform/Developer/SDKs/MacOSX10.14.sdk/usr/lib
Framework search paths:
	/Users/viraltaco/code/Exercism/cpp/prime-factors/build/CMakeFiles/CMakeTmp/Debug
	/Applications/Xcode.app/Contents/Developer/Platforms/MacOSX.platform/Developer/SDKs/MacOSX10.14.sdk/System/Library/Frameworks/

** BUILD SUCCEEDED **



Parsed CXX implicit link information from above output:
  link line regex: [^( *|.*[/\])(ld|CMAKE_LINK_STARTFILE-NOTFOUND|([^/\]+-)?ld|collect2)[^/\]*( |$)]
  ignore line: [Change Dir: /Users/viraltaco/code/Exercism/cpp/prime-factors/build/CMakeFiles/CMakeTmp]
  ignore line: []
  ignore line: [Run Build Command:"/usr/bin/xcodebuild" "-project" "CMAKE_TRY_COMPILE.xcodeproj" "build" "-target" "cmTC_b22c8" "-configuration" "Debug"]
  ignore line: [Prepare build]
  ignore line: [note: Using legacy build system]
  ignore line: []
  ignore line: [=== BUILD TARGET cmTC_b22c8 OF PROJECT CMAKE_TRY_COMPILE WITH CONFIGURATION Debug ===]
  ignore line: []
  ignore line: [Check dependencies]
  ignore line: []
  ignore line: [Write auxiliary files]
  ignore line: [/bin/mkdir -p /Users/viraltaco/code/Exercism/cpp/prime-factors/build/CMakeFiles/CMakeTmp/CMAKE_TRY_COMPILE.build/Debug/cmTC_b22c8.build/Objects-normal/x86_64]
  ignore line: [write-file /Users/viraltaco/code/Exercism/cpp/prime-factors/build/CMakeFiles/CMakeTmp/CMAKE_TRY_COMPILE.build/Debug/cmTC_b22c8.build/Objects-normal/x86_64/cmTC_b22c8.LinkFileList]
  ignore line: []
  ignore line: [CompileC CMAKE_TRY_COMPILE.build/Debug/cmTC_b22c8.build/Objects-normal/x86_64/CMakeCXXCompilerABI.o /usr/local/Cellar/cmake/3.13.2/share/cmake/Modules/CMakeCXXCompilerABI.cpp normal x86_64 c++ com.apple.compilers.llvm.clang.1_0.compiler]
  ignore line: [    cd /Users/viraltaco/code/Exercism/cpp/prime-factors/build/CMakeFiles/CMakeTmp]
  ignore line: [    export LANG=en_US.US-ASCII]
  ignore line: [    /Applications/Xcode.app/Contents/Developer/Toolchains/XcodeDefault.xctoolchain/usr/bin/clang -x c++ -arch x86_64 -fmessage-length=0 -fdiagnostics-show-note-include-stack -fmacro-backtrace-limit=0 -Wno-trigraphs -fpascal-strings -O0 -Wno-missing-field-initializers -Wno-missing-prototypes -Wno-return-type -Wno-non-virtual-dtor -Wno-overloaded-virtual -Wno-exit-time-destructors -Wno-missing-braces -Wparentheses -Wswitch -Wno-unused-function -Wno-unused-label -Wno-unused-parameter -Wno-unused-variable -Wunused-value -Wno-empty-body -Wno-uninitialized -Wno-unknown-pragmas -Wno-shadow -Wno-four-char-constants -Wno-conversion -Wno-constant-conversion -Wno-int-conversion -Wno-bool-conversion -Wno-enum-conversion -Wno-float-conversion -Wno-non-literal-null-conversion -Wno-objc-literal-conversion -Wno-shorten-64-to-32 -Wno-newline-eof -Wno-c++11-extensions -DCMAKE_INTDIR=\"Debug\" -isysroot /Applications/Xcode.app/Contents/Developer/Platforms/MacOSX.platform/Developer/SDKs/MacOSX10.14.sdk -fasm-blocks -fstrict-aliasing -Wdeprecated-declarations -Winvalid-offsetof -mmacosx-version-min=10.14 -g -Wno-sign-conversion -Wno-infinite-recursion -Wno-move -Wno-comma -Wno-block-capture-autoreleasing -Wno-strict-prototypes -Wno-range-loop-analysis -Wno-semicolon-before-method-body -I/Users/viraltaco/code/Exercism/cpp/prime-factors/build/CMakeFiles/CMakeTmp/Debug/include -I/Users/viraltaco/code/Exercism/cpp/prime-factors/build/CMakeFiles/CMakeTmp/CMAKE_TRY_COMPILE.build/Debug/cmTC_b22c8.build/DerivedSources/x86_64 -I/Users/viraltaco/code/Exercism/cpp/prime-factors/build/CMakeFiles/CMakeTmp/CMAKE_TRY_COMPILE.build/Debug/cmTC_b22c8.build/DerivedSources -Wmost -Wno-four-char-constants -Wno-unknown-pragmas -F/Users/viraltaco/code/Exercism/cpp/prime-factors/build/CMakeFiles/CMakeTmp/Debug -MMD -MT dependencies -MF /Users/viraltaco/code/Exercism/cpp/prime-factors/build/CMakeFiles/CMakeTmp/CMAKE_TRY_COMPILE.build/Debug/cmTC_b22c8.build/Objects-normal/x86_64/CMakeCXXCompilerABI.d --serialize-diagnostics /Users/viraltaco/code/Exercism/cpp/prime-factors/build/CMakeFiles/CMakeTmp/CMAKE_TRY_COMPILE.build/Debug/cmTC_b22c8.build/Objects-normal/x86_64/CMakeCXXCompilerABI.dia -c /usr/local/Cellar/cmake/3.13.2/share/cmake/Modules/CMakeCXXCompilerABI.cpp -o /Users/viraltaco/code/Exercism/cpp/prime-factors/build/CMakeFiles/CMakeTmp/CMAKE_TRY_COMPILE.build/Debug/cmTC_b22c8.build/Objects-normal/x86_64/CMakeCXXCompilerABI.o]
  ignore line: []
  ignore line: [Ld Debug/cmTC_b22c8 normal x86_64]
  ignore line: [    cd /Users/viraltaco/code/Exercism/cpp/prime-factors/build/CMakeFiles/CMakeTmp]
  ignore line: [    export MACOSX_DEPLOYMENT_TARGET=10.14]
  ignore line: [    /Applications/Xcode.app/Contents/Developer/Toolchains/XcodeDefault.xctoolchain/usr/bin/clang++ -arch x86_64 -isysroot /Applications/Xcode.app/Contents/Developer/Platforms/MacOSX.platform/Developer/SDKs/MacOSX10.14.sdk -L/Users/viraltaco/code/Exercism/cpp/prime-factors/build/CMakeFiles/CMakeTmp/Debug -F/Users/viraltaco/code/Exercism/cpp/prime-factors/build/CMakeFiles/CMakeTmp/Debug -filelist /Users/viraltaco/code/Exercism/cpp/prime-factors/build/CMakeFiles/CMakeTmp/CMAKE_TRY_COMPILE.build/Debug/cmTC_b22c8.build/Objects-normal/x86_64/cmTC_b22c8.LinkFileList -mmacosx-version-min=10.14 -Xlinker -object_path_lto -Xlinker /Users/viraltaco/code/Exercism/cpp/prime-factors/build/CMakeFiles/CMakeTmp/CMAKE_TRY_COMPILE.build/Debug/cmTC_b22c8.build/Objects-normal/x86_64/cmTC_b22c8_lto.o -Xlinker -no_deduplicate -L/usr/local/opt/ncurses/lib -v -Wl,-v -Wl,-search_paths_first -Wl,-headerpad_max_install_names -Xlinker -dependency_info -Xlinker /Users/viraltaco/code/Exercism/cpp/prime-factors/build/CMakeFiles/CMakeTmp/CMAKE_TRY_COMPILE.build/Debug/cmTC_b22c8.build/Objects-normal/x86_64/cmTC_b22c8_dependency_info.dat -o /Users/viraltaco/code/Exercism/cpp/prime-factors/build/CMakeFiles/CMakeTmp/Debug/cmTC_b22c8]
  ignore line: [Apple LLVM version 10.0.0 (clang-1000.11.45.5)]
  ignore line: [Target: x86_64-apple-darwin18.2.0]
  ignore line: [Thread model: posix]
  ignore line: [InstalledDir: /Applications/Xcode.app/Contents/Developer/Toolchains/XcodeDefault.xctoolchain/usr/bin]
  reduced line: [ "/Applications/Xcode.app/Contents/Developer/Toolchains/XcodeDefault.xctoolchain/usr/bin/ld" -demangle -lto_library /Applications/Xcode.app/Contents/Developer/Toolchains/XcodeDefault.xctoolchain/usr/lib/libLTO.dylib -dynamic -arch x86_64 -macosx_version_min 10.14.0 -syslibroot /Applications/Xcode.app/Contents/Developer/Platforms/MacOSX.platform/Developer/SDKs/MacOSX10.14.sdk -o /Users/viraltaco/code/Exercism/cpp/prime-factors/build/CMakeFiles/CMakeTmp/Debug/cmTC_b22c8 -L/Users/viraltaco/code/Exercism/cpp/prime-factors/build/CMakeFiles/CMakeTmp/Debug -L/usr/local/opt/ncurses/lib -filelist /Users/viraltaco/code/Exercism/cpp/prime-factors/build/CMakeFiles/CMakeTmp/CMAKE_TRY_COMPILE.build/Debug/cmTC_b22c8.build/Objects-normal/x86_64/cmTC_b22c8.LinkFileList -object_path_lto /Users/viraltaco/code/Exercism/cpp/prime-factors/build/CMakeFiles/CMakeTmp/CMAKE_TRY_COMPILE.build/Debug/cmTC_b22c8.build/Objects-normal/x86_64/cmTC_b22c8_lto.o -no_deduplicate -v -search_paths_first -headerpad_max_install_names -dependency_info /Users/viraltaco/code/Exercism/cpp/prime-factors/build/CMakeFiles/CMakeTmp/CMAKE_TRY_COMPILE.build/Debug/cmTC_b22c8.build/Objects-normal/x86_64/cmTC_b22c8_dependency_info.dat -lc++ -lSystem /Applications/Xcode.app/Contents/Developer/Toolchains/XcodeDefault.xctoolchain/usr/lib/clang/10.0.0/lib/darwin/libclang_rt.osx.a -F/Users/viraltaco/code/Exercism/cpp/prime-factors/build/CMakeFiles/CMakeTmp/Debug]
            to: [ "/Applications/Xcode.app/Contents/Developer/Toolchains/XcodeDefault.xctoolchain/usr/bin/ld" -demangle -lto_library /Applications/Xcode.app/Contents/Developer/Toolchains/XcodeDefault.xctoolchain/usr/lib/libLTO.dylib -dynamic -arch x86_64 -macosx_version_min 10.14.0 -syslibroot /Applications/Xcode.app/Contents/Developer/Platforms/MacOSX.platform/Developer/SDKs/MacOSX10.14.sdk -o /Users/viraltaco/code/Exercism/cpp/prime-factors/build/CMakeFiles/CMakeTmp/Debug/cmTC_b22c8 -L/usr/local/opt/ncurses/lib -filelist /Users/viraltaco/code/Exercism/cpp/prime-factors/build/CMakeFiles/CMakeTmp/CMAKE_TRY_COMPILE.build/Debug/cmTC_b22c8.build/Objects-normal/x86_64/cmTC_b22c8.LinkFileList -object_path_lto /Users/viraltaco/code/Exercism/cpp/prime-factors/build/CMakeFiles/CMakeTmp/CMAKE_TRY_COMPILE.build/Debug/cmTC_b22c8.build/Objects-normal/x86_64/cmTC_b22c8_lto.o -no_deduplicate -v -search_paths_first -headerpad_max_install_names -dependency_info /Users/viraltaco/code/Exercism/cpp/prime-factors/build/CMakeFiles/CMakeTmp/CMAKE_TRY_COMPILE.build/Debug/cmTC_b22c8.build/Objects-normal/x86_64/cmTC_b22c8_dependency_info.dat -lc++ -lSystem /Applications/Xcode.app/Contents/Developer/Toolchains/XcodeDefault.xctoolchain/usr/lib/clang/10.0.0/lib/darwin/libclang_rt.osx.a ]
  link line: [ "/Applications/Xcode.app/Contents/Developer/Toolchains/XcodeDefault.xctoolchain/usr/bin/ld" -demangle -lto_library /Applications/Xcode.app/Contents/Developer/Toolchains/XcodeDefault.xctoolchain/usr/lib/libLTO.dylib -dynamic -arch x86_64 -macosx_version_min 10.14.0 -syslibroot /Applications/Xcode.app/Contents/Developer/Platforms/MacOSX.platform/Developer/SDKs/MacOSX10.14.sdk -o /Users/viraltaco/code/Exercism/cpp/prime-factors/build/CMakeFiles/CMakeTmp/Debug/cmTC_b22c8 -L/usr/local/opt/ncurses/lib -filelist /Users/viraltaco/code/Exercism/cpp/prime-factors/build/CMakeFiles/CMakeTmp/CMAKE_TRY_COMPILE.build/Debug/cmTC_b22c8.build/Objects-normal/x86_64/cmTC_b22c8.LinkFileList -object_path_lto /Users/viraltaco/code/Exercism/cpp/prime-factors/build/CMakeFiles/CMakeTmp/CMAKE_TRY_COMPILE.build/Debug/cmTC_b22c8.build/Objects-normal/x86_64/cmTC_b22c8_lto.o -no_deduplicate -v -search_paths_first -headerpad_max_install_names -dependency_info /Users/viraltaco/code/Exercism/cpp/prime-factors/build/CMakeFiles/CMakeTmp/CMAKE_TRY_COMPILE.build/Debug/cmTC_b22c8.build/Objects-normal/x86_64/cmTC_b22c8_dependency_info.dat -lc++ -lSystem /Applications/Xcode.app/Contents/Developer/Toolchains/XcodeDefault.xctoolchain/usr/lib/clang/10.0.0/lib/darwin/libclang_rt.osx.a ]
    arg [/Applications/Xcode.app/Contents/Developer/Toolchains/XcodeDefault.xctoolchain/usr/bin/ld] ==> ignore
    arg [-demangle] ==> ignore
    arg [-lto_library] ==> ignore, skip following value
    arg [/Applications/Xcode.app/Contents/Developer/Toolchains/XcodeDefault.xctoolchain/usr/lib/libLTO.dylib] ==> skip value of -lto_library
    arg [-dynamic] ==> ignore
    arg [-arch] ==> ignore
    arg [x86_64] ==> ignore
    arg [-macosx_version_min] ==> ignore
    arg [10.14.0] ==> ignore
    arg [-syslibroot] ==> ignore
    arg [/Applications/Xcode.app/Contents/Developer/Platforms/MacOSX.platform/Developer/SDKs/MacOSX10.14.sdk] ==> ignore
    arg [-o] ==> ignore
    arg [/Users/viraltaco/code/Exercism/cpp/prime-factors/build/CMakeFiles/CMakeTmp/Debug/cmTC_b22c8] ==> ignore
    arg [-L/usr/local/opt/ncurses/lib] ==> dir [/usr/local/opt/ncurses/lib]
    arg [-filelist] ==> ignore
    arg [/Users/viraltaco/code/Exercism/cpp/prime-factors/build/CMakeFiles/CMakeTmp/CMAKE_TRY_COMPILE.build/Debug/cmTC_b22c8.build/Objects-normal/x86_64/cmTC_b22c8.LinkFileList] ==> ignore
    arg [-object_path_lto] ==> ignore
    arg [/Users/viraltaco/code/Exercism/cpp/prime-factors/build/CMakeFiles/CMakeTmp/CMAKE_TRY_COMPILE.build/Debug/cmTC_b22c8.build/Objects-normal/x86_64/cmTC_b22c8_lto.o] ==> ignore
    arg [-no_deduplicate] ==> ignore
    arg [-v] ==> ignore
    arg [-search_paths_first] ==> ignore
    arg [-headerpad_max_install_names] ==> ignore
    arg [-dependency_info] ==> ignore
    arg [/Users/viraltaco/code/Exercism/cpp/prime-factors/build/CMakeFiles/CMakeTmp/CMAKE_TRY_COMPILE.build/Debug/cmTC_b22c8.build/Objects-normal/x86_64/cmTC_b22c8_dependency_info.dat] ==> ignore
    arg [-lc++] ==> lib [c++]
    arg [-lSystem] ==> lib [System]
    arg [/Applications/Xcode.app/Contents/Developer/Toolchains/XcodeDefault.xctoolchain/usr/lib/clang/10.0.0/lib/darwin/libclang_rt.osx.a] ==> lib [/Applications/Xcode.app/Contents/Developer/Toolchains/XcodeDefault.xctoolchain/usr/lib/clang/10.0.0/lib/darwin/libclang_rt.osx.a]
  Library search paths: [;/Users/viraltaco/code/Exercism/cpp/prime-factors/build/CMakeFiles/CMakeTmp/Debug;/usr/local/opt/ncurses/lib;/Applications/Xcode.app/Contents/Developer/Platforms/MacOSX.platform/Developer/SDKs/MacOSX10.14.sdk/usr/lib]
  Framework search paths: [;/Users/viraltaco/code/Exercism/cpp/prime-factors/build/CMakeFiles/CMakeTmp/Debug;/Applications/Xcode.app/Contents/Developer/Platforms/MacOSX.platform/Developer/SDKs/MacOSX10.14.sdk/System/Library/Frameworks/]
  remove lib [System]
  remove lib [/Applications/Xcode.app/Contents/Developer/Toolchains/XcodeDefault.xctoolchain/usr/lib/clang/10.0.0/lib/darwin/libclang_rt.osx.a]
  collapse library dir [/usr/local/opt/ncurses/lib] ==> [/usr/local/opt/ncurses/lib]
  collapse library dir [/Users/viraltaco/code/Exercism/cpp/prime-factors/build/CMakeFiles/CMakeTmp/Debug] ==> [/Users/viraltaco/code/Exercism/cpp/prime-factors/build/CMakeFiles/CMakeTmp/Debug], skipping non-system directory
  collapse library dir [/usr/local/opt/ncurses/lib] ==> [/usr/local/opt/ncurses/lib]
  collapse library dir [/Applications/Xcode.app/Contents/Developer/Platforms/MacOSX.platform/Developer/SDKs/MacOSX10.14.sdk/usr/lib] ==> [/Applications/Xcode.app/Contents/Developer/Platforms/MacOSX.platform/Developer/SDKs/MacOSX10.14.sdk/usr/lib]
  collapse framework dir [/Users/viraltaco/code/Exercism/cpp/prime-factors/build/CMakeFiles/CMakeTmp/Debug] ==> [/Users/viraltaco/code/Exercism/cpp/prime-factors/build/CMakeFiles/CMakeTmp/Debug], skipping non-system directory
  collapse framework dir [/Applications/Xcode.app/Contents/Developer/Platforms/MacOSX.platform/Developer/SDKs/MacOSX10.14.sdk/System/Library/Frameworks/] ==> [/Applications/Xcode.app/Contents/Developer/Platforms/MacOSX.platform/Developer/SDKs/MacOSX10.14.sdk/System/Library/Frameworks]
  implicit libs: [c++]
  implicit dirs: [/usr/local/opt/ncurses/lib;/Applications/Xcode.app/Contents/Developer/Platforms/MacOSX.platform/Developer/SDKs/MacOSX10.14.sdk/usr/lib]
  implicit fwks: [/Applications/Xcode.app/Contents/Developer/Platforms/MacOSX.platform/Developer/SDKs/MacOSX10.14.sdk/System/Library/Frameworks]




Detecting CXX [-std=c++1z] compiler features compiled with the following output:
Change Dir: /Users/viraltaco/code/Exercism/cpp/prime-factors/build/CMakeFiles/CMakeTmp

Run Build Command:"/usr/bin/xcodebuild" "-project" "CMAKE_TRY_COMPILE.xcodeproj" "build" "-target" "cmTC_ea260" "-configuration" "Debug"
Prepare build
note: Using legacy build system

=== BUILD TARGET cmTC_ea260 OF PROJECT CMAKE_TRY_COMPILE WITH CONFIGURATION Debug ===

Check dependencies

Write auxiliary files
/bin/mkdir -p /Users/viraltaco/code/Exercism/cpp/prime-factors/build/CMakeFiles/CMakeTmp/CMAKE_TRY_COMPILE.build/Debug/cmTC_ea260.build/Objects-normal/x86_64
write-file /Users/viraltaco/code/Exercism/cpp/prime-factors/build/CMakeFiles/CMakeTmp/CMAKE_TRY_COMPILE.build/Debug/cmTC_ea260.build/Objects-normal/x86_64/cmTC_ea260.LinkFileList

CompileC CMAKE_TRY_COMPILE.build/Debug/cmTC_ea260.build/Objects-normal/x86_64/feature_tests.o /Users/viraltaco/code/Exercism/cpp/prime-factors/build/CMakeFiles/feature_tests.cxx normal x86_64 c++ com.apple.compilers.llvm.clang.1_0.compiler
    cd /Users/viraltaco/code/Exercism/cpp/prime-factors/build/CMakeFiles/CMakeTmp
    export LANG=en_US.US-ASCII
    /Applications/Xcode.app/Contents/Developer/Toolchains/XcodeDefault.xctoolchain/usr/bin/clang -x c++ -arch x86_64 -fmessage-length=0 -fdiagnostics-show-note-include-stack -fmacro-backtrace-limit=0 -Wno-trigraphs -fpascal-strings -O0 -Wno-missing-field-initializers -Wno-missing-prototypes -Wno-return-type -Wno-non-virtual-dtor -Wno-overloaded-virtual -Wno-exit-time-destructors -Wno-missing-braces -Wparentheses -Wswitch -Wno-unused-function -Wno-unused-label -Wno-unused-parameter -Wno-unused-variable -Wunused-value -Wno-empty-body -Wno-uninitialized -Wno-unknown-pragmas -Wno-shadow -Wno-four-char-constants -Wno-conversion -Wno-constant-conversion -Wno-int-conversion -Wno-bool-conversion -Wno-enum-conversion -Wno-float-conversion -Wno-non-literal-null-conversion -Wno-objc-literal-conversion -Wno-shorten-64-to-32 -Wno-newline-eof -Wno-c++11-extensions -DCMAKE_INTDIR=\"Debug\" -isysroot /Applications/Xcode.app/Contents/Developer/Platforms/MacOSX.platform/Developer/SDKs/MacOSX10.14.sdk -fasm-blocks -fstrict-aliasing -Wdeprecated-declarations -Winvalid-offsetof -mmacosx-version-min=10.14 -g -Wno-sign-conversion -Wno-infinite-recursion -Wno-move -Wno-comma -Wno-block-capture-autoreleasing -Wno-strict-prototypes -Wno-range-loop-analysis -Wno-semicolon-before-method-body -I/Users/viraltaco/code/Exercism/cpp/prime-factors/build/CMakeFiles/CMakeTmp/Debug/include -I/Users/viraltaco/code/Exercism/cpp/prime-factors/build/CMakeFiles/CMakeTmp/CMAKE_TRY_COMPILE.build/Debug/cmTC_ea260.build/DerivedSources/x86_64 -I/Users/viraltaco/code/Exercism/cpp/prime-factors/build/CMakeFiles/CMakeTmp/CMAKE_TRY_COMPILE.build/Debug/cmTC_ea260.build/DerivedSources -Wmost -Wno-four-char-constants -Wno-unknown-pragmas -F/Users/viraltaco/code/Exercism/cpp/prime-factors/build/CMakeFiles/CMakeTmp/Debug -std=c++1z -MMD -MT dependencies -MF /Users/viraltaco/code/Exercism/cpp/prime-factors/build/CMakeFiles/CMakeTmp/CMAKE_TRY_COMPILE.build/Debug/cmTC_ea260.build/Objects-normal/x86_64/feature_tests.d --serialize-diagnostics /Users/viraltaco/code/Exercism/cpp/prime-factors/build/CMakeFiles/CMakeTmp/CMAKE_TRY_COMPILE.build/Debug/cmTC_ea260.build/Objects-normal/x86_64/feature_tests.dia -c /Users/viraltaco/code/Exercism/cpp/prime-factors/build/CMakeFiles/feature_tests.cxx -o /Users/viraltaco/code/Exercism/cpp/prime-factors/build/CMakeFiles/CMakeTmp/CMAKE_TRY_COMPILE.build/Debug/cmTC_ea260.build/Objects-normal/x86_64/feature_tests.o

Ld Debug/cmTC_ea260 normal x86_64
    cd /Users/viraltaco/code/Exercism/cpp/prime-factors/build/CMakeFiles/CMakeTmp
    export MACOSX_DEPLOYMENT_TARGET=10.14
    /Applications/Xcode.app/Contents/Developer/Toolchains/XcodeDefault.xctoolchain/usr/bin/clang++ -arch x86_64 -isysroot /Applications/Xcode.app/Contents/Developer/Platforms/MacOSX.platform/Developer/SDKs/MacOSX10.14.sdk -L/Users/viraltaco/code/Exercism/cpp/prime-factors/build/CMakeFiles/CMakeTmp/Debug -F/Users/viraltaco/code/Exercism/cpp/prime-factors/build/CMakeFiles/CMakeTmp/Debug -filelist /Users/viraltaco/code/Exercism/cpp/prime-factors/build/CMakeFiles/CMakeTmp/CMAKE_TRY_COMPILE.build/Debug/cmTC_ea260.build/Objects-normal/x86_64/cmTC_ea260.LinkFileList -mmacosx-version-min=10.14 -Xlinker -object_path_lto -Xlinker /Users/viraltaco/code/Exercism/cpp/prime-factors/build/CMakeFiles/CMakeTmp/CMAKE_TRY_COMPILE.build/Debug/cmTC_ea260.build/Objects-normal/x86_64/cmTC_ea260_lto.o -Xlinker -no_deduplicate -L/usr/local/opt/ncurses/lib -Wl,-search_paths_first -Wl,-headerpad_max_install_names -Xlinker -dependency_info -Xlinker /Users/viraltaco/code/Exercism/cpp/prime-factors/build/CMakeFiles/CMakeTmp/CMAKE_TRY_COMPILE.build/Debug/cmTC_ea260.build/Objects-normal/x86_64/cmTC_ea260_dependency_info.dat -o /Users/viraltaco/code/Exercism/cpp/prime-factors/build/CMakeFiles/CMakeTmp/Debug/cmTC_ea260

** BUILD SUCCEEDED **



    Feature record: CXX_FEATURE:1cxx_aggregate_default_initializers
    Feature record: CXX_FEATURE:1cxx_alias_templates
    Feature record: CXX_FEATURE:1cxx_alignas
    Feature record: CXX_FEATURE:1cxx_alignof
    Feature record: CXX_FEATURE:1cxx_attributes
    Feature record: CXX_FEATURE:1cxx_attribute_deprecated
    Feature record: CXX_FEATURE:1cxx_auto_type
    Feature record: CXX_FEATURE:1cxx_binary_literals
    Feature record: CXX_FEATURE:1cxx_constexpr
    Feature record: CXX_FEATURE:1cxx_contextual_conversions
    Feature record: CXX_FEATURE:1cxx_decltype
    Feature record: CXX_FEATURE:1cxx_decltype_auto
    Feature record: CXX_FEATURE:1cxx_decltype_incomplete_return_types
    Feature record: CXX_FEATURE:1cxx_default_function_template_args
    Feature record: CXX_FEATURE:1cxx_defaulted_functions
    Feature record: CXX_FEATURE:1cxx_defaulted_move_initializers
    Feature record: CXX_FEATURE:1cxx_delegating_constructors
    Feature record: CXX_FEATURE:1cxx_deleted_functions
    Feature record: CXX_FEATURE:1cxx_digit_separators
    Feature record: CXX_FEATURE:1cxx_enum_forward_declarations
    Feature record: CXX_FEATURE:1cxx_explicit_conversions
    Feature record: CXX_FEATURE:1cxx_extended_friend_declarations
    Feature record: CXX_FEATURE:1cxx_extern_templates
    Feature record: CXX_FEATURE:1cxx_final
    Feature record: CXX_FEATURE:1cxx_func_identifier
    Feature record: CXX_FEATURE:1cxx_generalized_initializers
    Feature record: CXX_FEATURE:1cxx_generic_lambdas
    Feature record: CXX_FEATURE:1cxx_inheriting_constructors
    Feature record: CXX_FEATURE:1cxx_inline_namespaces
    Feature record: CXX_FEATURE:1cxx_lambdas
    Feature record: CXX_FEATURE:1cxx_lambda_init_captures
    Feature record: CXX_FEATURE:1cxx_local_type_template_args
    Feature record: CXX_FEATURE:1cxx_long_long_type
    Feature record: CXX_FEATURE:1cxx_noexcept
    Feature record: CXX_FEATURE:1cxx_nonstatic_member_init
    Feature record: CXX_FEATURE:1cxx_nullptr
    Feature record: CXX_FEATURE:1cxx_override
    Feature record: CXX_FEATURE:1cxx_range_for
    Feature record: CXX_FEATURE:1cxx_raw_string_literals
    Feature record: CXX_FEATURE:1cxx_reference_qualified_functions
    Feature record: CXX_FEATURE:1cxx_relaxed_constexpr
    Feature record: CXX_FEATURE:1cxx_return_type_deduction
    Feature record: CXX_FEATURE:1cxx_right_angle_brackets
    Feature record: CXX_FEATURE:1cxx_rvalue_references
    Feature record: CXX_FEATURE:1cxx_sizeof_member
    Feature record: CXX_FEATURE:1cxx_static_assert
    Feature record: CXX_FEATURE:1cxx_strong_enums
    Feature record: CXX_FEATURE:1cxx_template_template_parameters
    Feature record: CXX_FEATURE:1cxx_thread_local
    Feature record: CXX_FEATURE:1cxx_trailing_return_types
    Feature record: CXX_FEATURE:1cxx_unicode_literals
    Feature record: CXX_FEATURE:1cxx_uniform_initialization
    Feature record: CXX_FEATURE:1cxx_unrestricted_unions
    Feature record: CXX_FEATURE:1cxx_user_literals
    Feature record: CXX_FEATURE:1cxx_variable_templates
    Feature record: CXX_FEATURE:1cxx_variadic_macros
    Feature record: CXX_FEATURE:1cxx_variadic_templates


Detecting CXX [-std=c++14] compiler features compiled with the following output:
Change Dir: /Users/viraltaco/code/Exercism/cpp/prime-factors/build/CMakeFiles/CMakeTmp

Run Build Command:"/usr/bin/xcodebuild" "-project" "CMAKE_TRY_COMPILE.xcodeproj" "build" "-target" "cmTC_6a685" "-configuration" "Debug"
Prepare build
note: Using legacy build system

=== BUILD TARGET cmTC_6a685 OF PROJECT CMAKE_TRY_COMPILE WITH CONFIGURATION Debug ===

Check dependencies

Write auxiliary files
/bin/mkdir -p /Users/viraltaco/code/Exercism/cpp/prime-factors/build/CMakeFiles/CMakeTmp/CMAKE_TRY_COMPILE.build/Debug/cmTC_6a685.build/Objects-normal/x86_64
write-file /Users/viraltaco/code/Exercism/cpp/prime-factors/build/CMakeFiles/CMakeTmp/CMAKE_TRY_COMPILE.build/Debug/cmTC_6a685.build/Objects-normal/x86_64/cmTC_6a685.LinkFileList

CompileC CMAKE_TRY_COMPILE.build/Debug/cmTC_6a685.build/Objects-normal/x86_64/feature_tests.o /Users/viraltaco/code/Exercism/cpp/prime-factors/build/CMakeFiles/feature_tests.cxx normal x86_64 c++ com.apple.compilers.llvm.clang.1_0.compiler
    cd /Users/viraltaco/code/Exercism/cpp/prime-factors/build/CMakeFiles/CMakeTmp
    export LANG=en_US.US-ASCII
    /Applications/Xcode.app/Contents/Developer/Toolchains/XcodeDefault.xctoolchain/usr/bin/clang -x c++ -arch x86_64 -fmessage-length=0 -fdiagnostics-show-note-include-stack -fmacro-backtrace-limit=0 -Wno-trigraphs -fpascal-strings -O0 -Wno-missing-field-initializers -Wno-missing-prototypes -Wno-return-type -Wno-non-virtual-dtor -Wno-overloaded-virtual -Wno-exit-time-destructors -Wno-missing-braces -Wparentheses -Wswitch -Wno-unused-function -Wno-unused-label -Wno-unused-parameter -Wno-unused-variable -Wunused-value -Wno-empty-body -Wno-uninitialized -Wno-unknown-pragmas -Wno-shadow -Wno-four-char-constants -Wno-conversion -Wno-constant-conversion -Wno-int-conversion -Wno-bool-conversion -Wno-enum-conversion -Wno-float-conversion -Wno-non-literal-null-conversion -Wno-objc-literal-conversion -Wno-shorten-64-to-32 -Wno-newline-eof -Wno-c++11-extensions -DCMAKE_INTDIR=\"Debug\" -isysroot /Applications/Xcode.app/Contents/Developer/Platforms/MacOSX.platform/Developer/SDKs/MacOSX10.14.sdk -fasm-blocks -fstrict-aliasing -Wdeprecated-declarations -Winvalid-offsetof -mmacosx-version-min=10.14 -g -Wno-sign-conversion -Wno-infinite-recursion -Wno-move -Wno-comma -Wno-block-capture-autoreleasing -Wno-strict-prototypes -Wno-range-loop-analysis -Wno-semicolon-before-method-body -I/Users/viraltaco/code/Exercism/cpp/prime-factors/build/CMakeFiles/CMakeTmp/Debug/include -I/Users/viraltaco/code/Exercism/cpp/prime-factors/build/CMakeFiles/CMakeTmp/CMAKE_TRY_COMPILE.build/Debug/cmTC_6a685.build/DerivedSources/x86_64 -I/Users/viraltaco/code/Exercism/cpp/prime-factors/build/CMakeFiles/CMakeTmp/CMAKE_TRY_COMPILE.build/Debug/cmTC_6a685.build/DerivedSources -Wmost -Wno-four-char-constants -Wno-unknown-pragmas -F/Users/viraltaco/code/Exercism/cpp/prime-factors/build/CMakeFiles/CMakeTmp/Debug -std=c++14 -MMD -MT dependencies -MF /Users/viraltaco/code/Exercism/cpp/prime-factors/build/CMakeFiles/CMakeTmp/CMAKE_TRY_COMPILE.build/Debug/cmTC_6a685.build/Objects-normal/x86_64/feature_tests.d --serialize-diagnostics /Users/viraltaco/code/Exercism/cpp/prime-factors/build/CMakeFiles/CMakeTmp/CMAKE_TRY_COMPILE.build/Debug/cmTC_6a685.build/Objects-normal/x86_64/feature_tests.dia -c /Users/viraltaco/code/Exercism/cpp/prime-factors/build/CMakeFiles/feature_tests.cxx -o /Users/viraltaco/code/Exercism/cpp/prime-factors/build/CMakeFiles/CMakeTmp/CMAKE_TRY_COMPILE.build/Debug/cmTC_6a685.build/Objects-normal/x86_64/feature_tests.o

Ld Debug/cmTC_6a685 normal x86_64
    cd /Users/viraltaco/code/Exercism/cpp/prime-factors/build/CMakeFiles/CMakeTmp
    export MACOSX_DEPLOYMENT_TARGET=10.14
    /Applications/Xcode.app/Contents/Developer/Toolchains/XcodeDefault.xctoolchain/usr/bin/clang++ -arch x86_64 -isysroot /Applications/Xcode.app/Contents/Developer/Platforms/MacOSX.platform/Developer/SDKs/MacOSX10.14.sdk -L/Users/viraltaco/code/Exercism/cpp/prime-factors/build/CMakeFiles/CMakeTmp/Debug -F/Users/viraltaco/code/Exercism/cpp/prime-factors/build/CMakeFiles/CMakeTmp/Debug -filelist /Users/viraltaco/code/Exercism/cpp/prime-factors/build/CMakeFiles/CMakeTmp/CMAKE_TRY_COMPILE.build/Debug/cmTC_6a685.build/Objects-normal/x86_64/cmTC_6a685.LinkFileList -mmacosx-version-min=10.14 -Xlinker -object_path_lto -Xlinker /Users/viraltaco/code/Exercism/cpp/prime-factors/build/CMakeFiles/CMakeTmp/CMAKE_TRY_COMPILE.build/Debug/cmTC_6a685.build/Objects-normal/x86_64/cmTC_6a685_lto.o -Xlinker -no_deduplicate -L/usr/local/opt/ncurses/lib -Wl,-search_paths_first -Wl,-headerpad_max_install_names -Xlinker -dependency_info -Xlinker /Users/viraltaco/code/Exercism/cpp/prime-factors/build/CMakeFiles/CMakeTmp/CMAKE_TRY_COMPILE.build/Debug/cmTC_6a685.build/Objects-normal/x86_64/cmTC_6a685_dependency_info.dat -o /Users/viraltaco/code/Exercism/cpp/prime-factors/build/CMakeFiles/CMakeTmp/Debug/cmTC_6a685

** BUILD SUCCEEDED **



    Feature record: CXX_FEATURE:1cxx_aggregate_default_initializers
    Feature record: CXX_FEATURE:1cxx_alias_templates
    Feature record: CXX_FEATURE:1cxx_alignas
    Feature record: CXX_FEATURE:1cxx_alignof
    Feature record: CXX_FEATURE:1cxx_attributes
    Feature record: CXX_FEATURE:1cxx_attribute_deprecated
    Feature record: CXX_FEATURE:1cxx_auto_type
    Feature record: CXX_FEATURE:1cxx_binary_literals
    Feature record: CXX_FEATURE:1cxx_constexpr
    Feature record: CXX_FEATURE:1cxx_contextual_conversions
    Feature record: CXX_FEATURE:1cxx_decltype
    Feature record: CXX_FEATURE:1cxx_decltype_auto
    Feature record: CXX_FEATURE:1cxx_decltype_incomplete_return_types
    Feature record: CXX_FEATURE:1cxx_default_function_template_args
    Feature record: CXX_FEATURE:1cxx_defaulted_functions
    Feature record: CXX_FEATURE:1cxx_defaulted_move_initializers
    Feature record: CXX_FEATURE:1cxx_delegating_constructors
    Feature record: CXX_FEATURE:1cxx_deleted_functions
    Feature record: CXX_FEATURE:1cxx_digit_separators
    Feature record: CXX_FEATURE:1cxx_enum_forward_declarations
    Feature record: CXX_FEATURE:1cxx_explicit_conversions
    Feature record: CXX_FEATURE:1cxx_extended_friend_declarations
    Feature record: CXX_FEATURE:1cxx_extern_templates
    Feature record: CXX_FEATURE:1cxx_final
    Feature record: CXX_FEATURE:1cxx_func_identifier
    Feature record: CXX_FEATURE:1cxx_generalized_initializers
    Feature record: CXX_FEATURE:1cxx_generic_lambdas
    Feature record: CXX_FEATURE:1cxx_inheriting_constructors
    Feature record: CXX_FEATURE:1cxx_inline_namespaces
    Feature record: CXX_FEATURE:1cxx_lambdas
    Feature record: CXX_FEATURE:1cxx_lambda_init_captures
    Feature record: CXX_FEATURE:1cxx_local_type_template_args
    Feature record: CXX_FEATURE:1cxx_long_long_type
    Feature record: CXX_FEATURE:1cxx_noexcept
    Feature record: CXX_FEATURE:1cxx_nonstatic_member_init
    Feature record: CXX_FEATURE:1cxx_nullptr
    Feature record: CXX_FEATURE:1cxx_override
    Feature record: CXX_FEATURE:1cxx_range_for
    Feature record: CXX_FEATURE:1cxx_raw_string_literals
    Feature record: CXX_FEATURE:1cxx_reference_qualified_functions
    Feature record: CXX_FEATURE:1cxx_relaxed_constexpr
    Feature record: CXX_FEATURE:1cxx_return_type_deduction
    Feature record: CXX_FEATURE:1cxx_right_angle_brackets
    Feature record: CXX_FEATURE:1cxx_rvalue_references
    Feature record: CXX_FEATURE:1cxx_sizeof_member
    Feature record: CXX_FEATURE:1cxx_static_assert
    Feature record: CXX_FEATURE:1cxx_strong_enums
    Feature record: CXX_FEATURE:1cxx_template_template_parameters
    Feature record: CXX_FEATURE:1cxx_thread_local
    Feature record: CXX_FEATURE:1cxx_trailing_return_types
    Feature record: CXX_FEATURE:1cxx_unicode_literals
    Feature record: CXX_FEATURE:1cxx_uniform_initialization
    Feature record: CXX_FEATURE:1cxx_unrestricted_unions
    Feature record: CXX_FEATURE:1cxx_user_literals
    Feature record: CXX_FEATURE:1cxx_variable_templates
    Feature record: CXX_FEATURE:1cxx_variadic_macros
    Feature record: CXX_FEATURE:1cxx_variadic_templates


Detecting CXX [-std=c++11] compiler features compiled with the following output:
Change Dir: /Users/viraltaco/code/Exercism/cpp/prime-factors/build/CMakeFiles/CMakeTmp

Run Build Command:"/usr/bin/xcodebuild" "-project" "CMAKE_TRY_COMPILE.xcodeproj" "build" "-target" "cmTC_4e09c" "-configuration" "Debug"
Prepare build
note: Using legacy build system

=== BUILD TARGET cmTC_4e09c OF PROJECT CMAKE_TRY_COMPILE WITH CONFIGURATION Debug ===

Check dependencies

Write auxiliary files
/bin/mkdir -p /Users/viraltaco/code/Exercism/cpp/prime-factors/build/CMakeFiles/CMakeTmp/CMAKE_TRY_COMPILE.build/Debug/cmTC_4e09c.build/Objects-normal/x86_64
write-file /Users/viraltaco/code/Exercism/cpp/prime-factors/build/CMakeFiles/CMakeTmp/CMAKE_TRY_COMPILE.build/Debug/cmTC_4e09c.build/Objects-normal/x86_64/cmTC_4e09c.LinkFileList

CompileC CMAKE_TRY_COMPILE.build/Debug/cmTC_4e09c.build/Objects-normal/x86_64/feature_tests.o /Users/viraltaco/code/Exercism/cpp/prime-factors/build/CMakeFiles/feature_tests.cxx normal x86_64 c++ com.apple.compilers.llvm.clang.1_0.compiler
    cd /Users/viraltaco/code/Exercism/cpp/prime-factors/build/CMakeFiles/CMakeTmp
    export LANG=en_US.US-ASCII
    /Applications/Xcode.app/Contents/Developer/Toolchains/XcodeDefault.xctoolchain/usr/bin/clang -x c++ -arch x86_64 -fmessage-length=0 -fdiagnostics-show-note-include-stack -fmacro-backtrace-limit=0 -Wno-trigraphs -fpascal-strings -O0 -Wno-missing-field-initializers -Wno-missing-prototypes -Wno-return-type -Wno-non-virtual-dtor -Wno-overloaded-virtual -Wno-exit-time-destructors -Wno-missing-braces -Wparentheses -Wswitch -Wno-unused-function -Wno-unused-label -Wno-unused-parameter -Wno-unused-variable -Wunused-value -Wno-empty-body -Wno-uninitialized -Wno-unknown-pragmas -Wno-shadow -Wno-four-char-constants -Wno-conversion -Wno-constant-conversion -Wno-int-conversion -Wno-bool-conversion -Wno-enum-conversion -Wno-float-conversion -Wno-non-literal-null-conversion -Wno-objc-literal-conversion -Wno-shorten-64-to-32 -Wno-newline-eof -Wno-c++11-extensions -DCMAKE_INTDIR=\"Debug\" -isysroot /Applications/Xcode.app/Contents/Developer/Platforms/MacOSX.platform/Developer/SDKs/MacOSX10.14.sdk -fasm-blocks -fstrict-aliasing -Wdeprecated-declarations -Winvalid-offsetof -mmacosx-version-min=10.14 -g -Wno-sign-conversion -Wno-infinite-recursion -Wno-move -Wno-comma -Wno-block-capture-autoreleasing -Wno-strict-prototypes -Wno-range-loop-analysis -Wno-semicolon-before-method-body -I/Users/viraltaco/code/Exercism/cpp/prime-factors/build/CMakeFiles/CMakeTmp/Debug/include -I/Users/viraltaco/code/Exercism/cpp/prime-factors/build/CMakeFiles/CMakeTmp/CMAKE_TRY_COMPILE.build/Debug/cmTC_4e09c.build/DerivedSources/x86_64 -I/Users/viraltaco/code/Exercism/cpp/prime-factors/build/CMakeFiles/CMakeTmp/CMAKE_TRY_COMPILE.build/Debug/cmTC_4e09c.build/DerivedSources -Wmost -Wno-four-char-constants -Wno-unknown-pragmas -F/Users/viraltaco/code/Exercism/cpp/prime-factors/build/CMakeFiles/CMakeTmp/Debug -std=c++11 -MMD -MT dependencies -MF /Users/viraltaco/code/Exercism/cpp/prime-factors/build/CMakeFiles/CMakeTmp/CMAKE_TRY_COMPILE.build/Debug/cmTC_4e09c.build/Objects-normal/x86_64/feature_tests.d --serialize-diagnostics /Users/viraltaco/code/Exercism/cpp/prime-factors/build/CMakeFiles/CMakeTmp/CMAKE_TRY_COMPILE.build/Debug/cmTC_4e09c.build/Objects-normal/x86_64/feature_tests.dia -c /Users/viraltaco/code/Exercism/cpp/prime-factors/build/CMakeFiles/feature_tests.cxx -o /Users/viraltaco/code/Exercism/cpp/prime-factors/build/CMakeFiles/CMakeTmp/CMAKE_TRY_COMPILE.build/Debug/cmTC_4e09c.build/Objects-normal/x86_64/feature_tests.o

Ld Debug/cmTC_4e09c normal x86_64
    cd /Users/viraltaco/code/Exercism/cpp/prime-factors/build/CMakeFiles/CMakeTmp
    export MACOSX_DEPLOYMENT_TARGET=10.14
    /Applications/Xcode.app/Contents/Developer/Toolchains/XcodeDefault.xctoolchain/usr/bin/clang++ -arch x86_64 -isysroot /Applications/Xcode.app/Contents/Developer/Platforms/MacOSX.platform/Developer/SDKs/MacOSX10.14.sdk -L/Users/viraltaco/code/Exercism/cpp/prime-factors/build/CMakeFiles/CMakeTmp/Debug -F/Users/viraltaco/code/Exercism/cpp/prime-factors/build/CMakeFiles/CMakeTmp/Debug -filelist /Users/viraltaco/code/Exercism/cpp/prime-factors/build/CMakeFiles/CMakeTmp/CMAKE_TRY_COMPILE.build/Debug/cmTC_4e09c.build/Objects-normal/x86_64/cmTC_4e09c.LinkFileList -mmacosx-version-min=10.14 -Xlinker -object_path_lto -Xlinker /Users/viraltaco/code/Exercism/cpp/prime-factors/build/CMakeFiles/CMakeTmp/CMAKE_TRY_COMPILE.build/Debug/cmTC_4e09c.build/Objects-normal/x86_64/cmTC_4e09c_lto.o -Xlinker -no_deduplicate -L/usr/local/opt/ncurses/lib -Wl,-search_paths_first -Wl,-headerpad_max_install_names -Xlinker -dependency_info -Xlinker /Users/viraltaco/code/Exercism/cpp/prime-factors/build/CMakeFiles/CMakeTmp/CMAKE_TRY_COMPILE.build/Debug/cmTC_4e09c.build/Objects-normal/x86_64/cmTC_4e09c_dependency_info.dat -o /Users/viraltaco/code/Exercism/cpp/prime-factors/build/CMakeFiles/CMakeTmp/Debug/cmTC_4e09c

** BUILD SUCCEEDED **



    Feature record: CXX_FEATURE:0cxx_aggregate_default_initializers
    Feature record: CXX_FEATURE:1cxx_alias_templates
    Feature record: CXX_FEATURE:1cxx_alignas
    Feature record: CXX_FEATURE:1cxx_alignof
    Feature record: CXX_FEATURE:1cxx_attributes
    Feature record: CXX_FEATURE:0cxx_attribute_deprecated
    Feature record: CXX_FEATURE:1cxx_auto_type
    Feature record: CXX_FEATURE:0cxx_binary_literals
    Feature record: CXX_FEATURE:1cxx_constexpr
    Feature record: CXX_FEATURE:0cxx_contextual_conversions
    Feature record: CXX_FEATURE:1cxx_decltype
    Feature record: CXX_FEATURE:0cxx_decltype_auto
    Feature record: CXX_FEATURE:1cxx_decltype_incomplete_return_types
    Feature record: CXX_FEATURE:1cxx_default_function_template_args
    Feature record: CXX_FEATURE:1cxx_defaulted_functions
    Feature record: CXX_FEATURE:1cxx_defaulted_move_initializers
    Feature record: CXX_FEATURE:1cxx_delegating_constructors
    Feature record: CXX_FEATURE:1cxx_deleted_functions
    Feature record: CXX_FEATURE:0cxx_digit_separators
    Feature record: CXX_FEATURE:1cxx_enum_forward_declarations
    Feature record: CXX_FEATURE:1cxx_explicit_conversions
    Feature record: CXX_FEATURE:1cxx_extended_friend_declarations
    Feature record: CXX_FEATURE:1cxx_extern_templates
    Feature record: CXX_FEATURE:1cxx_final
    Feature record: CXX_FEATURE:1cxx_func_identifier
    Feature record: CXX_FEATURE:1cxx_generalized_initializers
    Feature record: CXX_FEATURE:0cxx_generic_lambdas
    Feature record: CXX_FEATURE:1cxx_inheriting_constructors
    Feature record: CXX_FEATURE:1cxx_inline_namespaces
    Feature record: CXX_FEATURE:1cxx_lambdas
    Feature record: CXX_FEATURE:0cxx_lambda_init_captures
    Feature record: CXX_FEATURE:1cxx_local_type_template_args
    Feature record: CXX_FEATURE:1cxx_long_long_type
    Feature record: CXX_FEATURE:1cxx_noexcept
    Feature record: CXX_FEATURE:1cxx_nonstatic_member_init
    Feature record: CXX_FEATURE:1cxx_nullptr
    Feature record: CXX_FEATURE:1cxx_override
    Feature record: CXX_FEATURE:1cxx_range_for
    Feature record: CXX_FEATURE:1cxx_raw_string_literals
    Feature record: CXX_FEATURE:1cxx_reference_qualified_functions
    Feature record: CXX_FEATURE:0cxx_relaxed_constexpr
    Feature record: CXX_FEATURE:0cxx_return_type_deduction
    Feature record: CXX_FEATURE:1cxx_right_angle_brackets
    Feature record: CXX_FEATURE:1cxx_rvalue_references
    Feature record: CXX_FEATURE:1cxx_sizeof_member
    Feature record: CXX_FEATURE:1cxx_static_assert
    Feature record: CXX_FEATURE:1cxx_strong_enums
    Feature record: CXX_FEATURE:1cxx_template_template_parameters
    Feature record: CXX_FEATURE:1cxx_thread_local
    Feature record: CXX_FEATURE:1cxx_trailing_return_types
    Feature record: CXX_FEATURE:1cxx_unicode_literals
    Feature record: CXX_FEATURE:1cxx_uniform_initialization
    Feature record: CXX_FEATURE:1cxx_unrestricted_unions
    Feature record: CXX_FEATURE:1cxx_user_literals
    Feature record: CXX_FEATURE:0cxx_variable_templates
    Feature record: CXX_FEATURE:1cxx_variadic_macros
    Feature record: CXX_FEATURE:1cxx_variadic_templates


Detecting CXX [-std=c++98] compiler features compiled with the following output:
Change Dir: /Users/viraltaco/code/Exercism/cpp/prime-factors/build/CMakeFiles/CMakeTmp

Run Build Command:"/usr/bin/xcodebuild" "-project" "CMAKE_TRY_COMPILE.xcodeproj" "build" "-target" "cmTC_c679f" "-configuration" "Debug"
Prepare build
note: Using legacy build system

=== BUILD TARGET cmTC_c679f OF PROJECT CMAKE_TRY_COMPILE WITH CONFIGURATION Debug ===

Check dependencies

Write auxiliary files
/bin/mkdir -p /Users/viraltaco/code/Exercism/cpp/prime-factors/build/CMakeFiles/CMakeTmp/CMAKE_TRY_COMPILE.build/Debug/cmTC_c679f.build/Objects-normal/x86_64
write-file /Users/viraltaco/code/Exercism/cpp/prime-factors/build/CMakeFiles/CMakeTmp/CMAKE_TRY_COMPILE.build/Debug/cmTC_c679f.build/Objects-normal/x86_64/cmTC_c679f.LinkFileList

CompileC CMAKE_TRY_COMPILE.build/Debug/cmTC_c679f.build/Objects-normal/x86_64/feature_tests.o /Users/viraltaco/code/Exercism/cpp/prime-factors/build/CMakeFiles/feature_tests.cxx normal x86_64 c++ com.apple.compilers.llvm.clang.1_0.compiler
    cd /Users/viraltaco/code/Exercism/cpp/prime-factors/build/CMakeFiles/CMakeTmp
    export LANG=en_US.US-ASCII
    /Applications/Xcode.app/Contents/Developer/Toolchains/XcodeDefault.xctoolchain/usr/bin/clang -x c++ -arch x86_64 -fmessage-length=0 -fdiagnostics-show-note-include-stack -fmacro-backtrace-limit=0 -Wno-trigraphs -fpascal-strings -O0 -Wno-missing-field-initializers -Wno-missing-prototypes -Wno-return-type -Wno-non-virtual-dtor -Wno-overloaded-virtual -Wno-exit-time-destructors -Wno-missing-braces -Wparentheses -Wswitch -Wno-unused-function -Wno-unused-label -Wno-unused-parameter -Wno-unused-variable -Wunused-value -Wno-empty-body -Wno-uninitialized -Wno-unknown-pragmas -Wno-shadow -Wno-four-char-constants -Wno-conversion -Wno-constant-conversion -Wno-int-conversion -Wno-bool-conversion -Wno-enum-conversion -Wno-float-conversion -Wno-non-literal-null-conversion -Wno-objc-literal-conversion -Wno-shorten-64-to-32 -Wno-newline-eof -Wno-c++11-extensions -DCMAKE_INTDIR=\"Debug\" -isysroot /Applications/Xcode.app/Contents/Developer/Platforms/MacOSX.platform/Developer/SDKs/MacOSX10.14.sdk -fasm-blocks -fstrict-aliasing -Wdeprecated-declarations -Winvalid-offsetof -mmacosx-version-min=10.14 -g -Wno-sign-conversion -Wno-infinite-recursion -Wno-move -Wno-comma -Wno-block-capture-autoreleasing -Wno-strict-prototypes -Wno-range-loop-analysis -Wno-semicolon-before-method-body -I/Users/viraltaco/code/Exercism/cpp/prime-factors/build/CMakeFiles/CMakeTmp/Debug/include -I/Users/viraltaco/code/Exercism/cpp/prime-factors/build/CMakeFiles/CMakeTmp/CMAKE_TRY_COMPILE.build/Debug/cmTC_c679f.build/DerivedSources/x86_64 -I/Users/viraltaco/code/Exercism/cpp/prime-factors/build/CMakeFiles/CMakeTmp/CMAKE_TRY_COMPILE.build/Debug/cmTC_c679f.build/DerivedSources -Wmost -Wno-four-char-constants -Wno-unknown-pragmas -F/Users/viraltaco/code/Exercism/cpp/prime-factors/build/CMakeFiles/CMakeTmp/Debug -std=c++98 -MMD -MT dependencies -MF /Users/viraltaco/code/Exercism/cpp/prime-factors/build/CMakeFiles/CMakeTmp/CMAKE_TRY_COMPILE.build/Debug/cmTC_c679f.build/Objects-normal/x86_64/feature_tests.d --serialize-diagnostics /Users/viraltaco/code/Exercism/cpp/prime-factors/build/CMakeFiles/CMakeTmp/CMAKE_TRY_COMPILE.build/Debug/cmTC_c679f.build/Objects-normal/x86_64/feature_tests.dia -c /Users/viraltaco/code/Exercism/cpp/prime-factors/build/CMakeFiles/feature_tests.cxx -o /Users/viraltaco/code/Exercism/cpp/prime-factors/build/CMakeFiles/CMakeTmp/CMAKE_TRY_COMPILE.build/Debug/cmTC_c679f.build/Objects-normal/x86_64/feature_tests.o

Ld Debug/cmTC_c679f normal x86_64
    cd /Users/viraltaco/code/Exercism/cpp/prime-factors/build/CMakeFiles/CMakeTmp
    export MACOSX_DEPLOYMENT_TARGET=10.14
    /Applications/Xcode.app/Contents/Developer/Toolchains/XcodeDefault.xctoolchain/usr/bin/clang++ -arch x86_64 -isysroot /Applications/Xcode.app/Contents/Developer/Platforms/MacOSX.platform/Developer/SDKs/MacOSX10.14.sdk -L/Users/viraltaco/code/Exercism/cpp/prime-factors/build/CMakeFiles/CMakeTmp/Debug -F/Users/viraltaco/code/Exercism/cpp/prime-factors/build/CMakeFiles/CMakeTmp/Debug -filelist /Users/viraltaco/code/Exercism/cpp/prime-factors/build/CMakeFiles/CMakeTmp/CMAKE_TRY_COMPILE.build/Debug/cmTC_c679f.build/Objects-normal/x86_64/cmTC_c679f.LinkFileList -mmacosx-version-min=10.14 -Xlinker -object_path_lto -Xlinker /Users/viraltaco/code/Exercism/cpp/prime-factors/build/CMakeFiles/CMakeTmp/CMAKE_TRY_COMPILE.build/Debug/cmTC_c679f.build/Objects-normal/x86_64/cmTC_c679f_lto.o -Xlinker -no_deduplicate -L/usr/local/opt/ncurses/lib -Wl,-search_paths_first -Wl,-headerpad_max_install_names -Xlinker -dependency_info -Xlinker /Users/viraltaco/code/Exercism/cpp/prime-factors/build/CMakeFiles/CMakeTmp/CMAKE_TRY_COMPILE.build/Debug/cmTC_c679f.build/Objects-normal/x86_64/cmTC_c679f_dependency_info.dat -o /Users/viraltaco/code/Exercism/cpp/prime-factors/build/CMakeFiles/CMakeTmp/Debug/cmTC_c679f

** BUILD SUCCEEDED **



    Feature record: CXX_FEATURE:0cxx_aggregate_default_initializers
    Feature record: CXX_FEATURE:0cxx_alias_templates
    Feature record: CXX_FEATURE:0cxx_alignas
    Feature record: CXX_FEATURE:0cxx_alignof
    Feature record: CXX_FEATURE:0cxx_attributes
    Feature record: CXX_FEATURE:0cxx_attribute_deprecated
    Feature record: CXX_FEATURE:0cxx_auto_type
    Feature record: CXX_FEATURE:0cxx_binary_literals
    Feature record: CXX_FEATURE:0cxx_constexpr
    Feature record: CXX_FEATURE:0cxx_contextual_conversions
    Feature record: CXX_FEATURE:0cxx_decltype
    Feature record: CXX_FEATURE:0cxx_decltype_auto
    Feature record: CXX_FEATURE:0cxx_decltype_incomplete_return_types
    Feature record: CXX_FEATURE:0cxx_default_function_template_args
    Feature record: CXX_FEATURE:0cxx_defaulted_functions
    Feature record: CXX_FEATURE:0cxx_defaulted_move_initializers
    Feature record: CXX_FEATURE:0cxx_delegating_constructors
    Feature record: CXX_FEATURE:0cxx_deleted_functions
    Feature record: CXX_FEATURE:0cxx_digit_separators
    Feature record: CXX_FEATURE:0cxx_enum_forward_declarations
    Feature record: CXX_FEATURE:0cxx_explicit_conversions
    Feature record: CXX_FEATURE:0cxx_extended_friend_declarations
    Feature record: CXX_FEATURE:0cxx_extern_templates
    Feature record: CXX_FEATURE:0cxx_final
    Feature record: CXX_FEATURE:0cxx_func_identifier
    Feature record: CXX_FEATURE:0cxx_generalized_initializers
    Feature record: CXX_FEATURE:0cxx_generic_lambdas
    Feature record: CXX_FEATURE:0cxx_inheriting_constructors
    Feature record: CXX_FEATURE:0cxx_inline_namespaces
    Feature record: CXX_FEATURE:0cxx_lambdas
    Feature record: CXX_FEATURE:0cxx_lambda_init_captures
    Feature record: CXX_FEATURE:0cxx_local_type_template_args
    Feature record: CXX_FEATURE:0cxx_long_long_type
    Feature record: CXX_FEATURE:0cxx_noexcept
    Feature record: CXX_FEATURE:0cxx_nonstatic_member_init
    Feature record: CXX_FEATURE:0cxx_nullptr
    Feature record: CXX_FEATURE:0cxx_override
    Feature record: CXX_FEATURE:0cxx_range_for
    Feature record: CXX_FEATURE:0cxx_raw_string_literals
    Feature record: CXX_FEATURE:0cxx_reference_qualified_functions
    Feature record: CXX_FEATURE:0cxx_relaxed_constexpr
    Feature record: CXX_FEATURE:0cxx_return_type_deduction
    Feature record: CXX_FEATURE:0cxx_right_angle_brackets
    Feature record: CXX_FEATURE:0cxx_rvalue_references
    Feature record: CXX_FEATURE:0cxx_sizeof_member
    Feature record: CXX_FEATURE:0cxx_static_assert
    Feature record: CXX_FEATURE:0cxx_strong_enums
    Feature record: CXX_FEATURE:1cxx_template_template_parameters
    Feature record: CXX_FEATURE:0cxx_thread_local
    Feature record: CXX_FEATURE:0cxx_trailing_return_types
    Feature record: CXX_FEATURE:0cxx_unicode_literals
    Feature record: CXX_FEATURE:0cxx_uniform_initialization
    Feature record: CXX_FEATURE:0cxx_unrestricted_unions
    Feature record: CXX_FEATURE:0cxx_user_literals
    Feature record: CXX_FEATURE:0cxx_variable_templates
    Feature record: CXX_FEATURE:0cxx_variadic_macros
    Feature record: CXX_FEATURE:0cxx_variadic_templates
